Administrator@sandip-PC MINGW32 /d/test/Project23July/GitProject (sandip_APIV_10002_Adding_basic_inforamtion)
$ git status
On branch sandip_APIV_10002_Adding_basic_inforamtion
nothing to commit, working tree clean

Administrator@sandip-PC MINGW32 /d/test/Project23July/GitProject (sandip_APIV_10002_Adding_basic_inforamtion)
$ git status
On branch sandip_APIV_10002_Adding_basic_inforamtion
nothing to commit, working tree clean

Administrator@sandip-PC MINGW32 /d/test/Project23July/GitProject (sandip_APIV_10002_Adding_basic_inforamtion)
$ git status
On branch sandip_APIV_10002_Adding_basic_inforamtion
Untracked files:
  (use "git add <file>..." to include in what will be committed)

        branch_START.txt

nothing added to commit but untracked files present (use "git add" to track)

Administrator@sandip-PC MINGW32 /d/test/Project23July/GitProject (sandip_APIV_10002_Adding_basic_inforamtion)
$ git add branch_START.txt

Administrator@sandip-PC MINGW32 /d/test/Project23July/GitProject (sandip_APIV_10002_Adding_basic_inforamtion)
$ git commit -m "APIV_10002:Inital Commands  has added for reference"
[sandip_APIV_10002_Adding_basic_inforamtion b0de39b] APIV_10002:Inital Commands  has added for reference
 1 file changed, 179 insertions(+)
 create mode 100644 branch_START.txt

Administrator@sandip-PC MINGW32 /d/test/Project23July/GitProject (sandip_APIV_10002_Adding_basic_inforamtion)
$ git status
On branch sandip_APIV_10002_Adding_basic_inforamtion
nothing to commit, working tree clean

Administrator@sandip-PC MINGW32 /d/test/Project23July/GitProject (sandip_APIV_10002_Adding_basic_inforamtion)
$ git push origin sandip_APIV_10002_Adding_basic_inforamtion
Counting objects: 3, done.
Delta compression using up to 2 threads.
Compressing objects: 100% (3/3), done.
Writing objects: 100% (3/3), 1.42 KiB | 0 bytes/s, done.
Total 3 (delta 0), reused 0 (delta 0)
To https://github.com/Sandip5691/GitProject
 * [new branch]      sandip_APIV_10002_Adding_basic_inforamtion -> sandip_APIV_10002_Adding_basic_inforamtion

Administrator@sandip-PC MINGW32 /d/test/Project23July/GitProject (sandip_APIV_10002_Adding_basic_inforamtion)
$ git branch -r
  origin/HEAD -> origin/master
  origin/master
  origin/sandip_APIV_10002_Adding_basic_inforamtion

Administrator@sandip-PC MINGW32 /d/test/Project23July/GitProject (sandip_APIV_10002_Adding_basic_inforamtion)
$ git branch
  all
  master
* sandip_APIV_10002_Adding_basic_inforamtion

Administrator@sandip-PC MINGW32 /d/test/Project23July/GitProject (sandip_APIV_10002_Adding_basic_inforamtion)
$ git checkout master
Switched to branch 'master'
Your branch is up-to-date with 'origin/master'.

Administrator@sandip-PC MINGW32 /d/test/Project23July/GitProject (master)
$ git checkout sandip_APIV_10002_Adding_basic_inforamtion
Switched to branch 'sandip_APIV_10002_Adding_basic_inforamtion'

Administrator@sandip-PC MINGW32 /d/test/Project23July/GitProject (sandip_APIV_10002_Adding_basic_inforamtion)
$ git checkout master
Switched to branch 'master'
Your branch is up-to-date with 'origin/master'.

Administrator@sandip-PC MINGW32 /d/test/Project23July/GitProject (master)
$ git checkout -b 'sprint_110'
Switched to a new branch 'sprint_110'

Administrator@sandip-PC MINGW32 /d/test/Project23July/GitProject (sprint_110)
$ git branch
  all
  master
  sandip_APIV_10002_Adding_basic_inforamtion
* sprint_110

Administrator@sandip-PC MINGW32 /d/test/Project23July/GitProject (sprint_110)
$ git push origin master
To https://github.com/Sandip5691/GitProject
 ! [rejected]        master -> master (fetch first)
error: failed to push some refs to 'https://github.com/Sandip5691/GitProject'
hint: Updates were rejected because the remote contains work that you do
hint: not have locally. This is usually caused by another repository pushing
hint: to the same ref. You may want to first integrate the remote changes
hint: (e.g., 'git pull ...') before pushing again.
hint: See the 'Note about fast-forwards' in 'git push --help' for details.

Administrator@sandip-PC MINGW32 /d/test/Project23July/GitProject (sprint_110)
$ git pull origin master
remote: Counting objects: 1, done.
remote: Total 1 (delta 0), reused 0 (delta 0), pack-reused 0
Unpacking objects: 100% (1/1), done.
From https://github.com/Sandip5691/GitProject
 * branch            master     -> FETCH_HEAD
   204e869..7b8d133  master     -> origin/master
Updating 204e869..7b8d133
Fast-forward
 branch_START.txt | 179 +++++++++++++++++++++++++++++++++++++++++++++++++++++++
 1 file changed, 179 insertions(+)
 create mode 100644 branch_START.txt

Administrator@sandip-PC MINGW32 /d/test/Project23July/GitProject (sprint_110)
$ git status
On branch sprint_110
nothing to commit, working tree clean

Administrator@sandip-PC MINGW32 /d/test/Project23July/GitProject (sprint_110)
$ git push origin sprint_110
Total 0 (delta 0), reused 0 (delta 0)
To https://github.com/Sandip5691/GitProject
 * [new branch]      sprint_110 -> sprint_110

Administrator@sandip-PC MINGW32 /d/test/Project23July/GitProject (sprint_110)
$ git branch
  all
  master
  sandip_APIV_10002_Adding_basic_inforamtion
* sprint_110

